Hello GÃ¼nther. This is world!
I'm this 60 old.

I have the following labels:
"foo": "bar"
"baz": "100"
