#Must be BASE64 encoded
pdns_api_key: bXlBd2Vzb21lS2V5

external-dns:
  pdns:
    apiUrl: "https://powerdns.corp.local"
    apiPort: "443"
    secretName: "external-dns"

  image:
    registry: pullproxy.corp.lan/hub.docker.com

  provider: pdns

  extraVolumeMounts:
    - name: certs
      mountPath: "/etc/ssl/certs/corp-ca.pem"
      subPath: "corp-ca.pem"

  extraVolumes:
    - name: certs
      configMap:
        name: corp-ca

  extraArgs:
    pdns-tls-enabled: false
    tls-ca: /etc/ssl/certs/corp-ca.pem

  domainFilters:
    - *.subdomain.corp.local
    - *.sub.corp.local
  txtOwnerId: "happier-path-cluster"