Hello Harry. This is world!
I'm this 20 old.

I have the following labels:
