Hello Detlef. This is world!
I'm this 81 old.

I have the following labels:
