ingress:
  host: mailhog.happy-path-cluster.corp.local
  certificateIssuer: http
  className: nginx

mailhog:
  image:
    repository: pullproxy.corp.lan/hub.docker.com/mailhog/mailhog